// Jest Snapshot v1, https://goo.gl/fbAQLP

exports[`Task molecule tests Render simple select 1`] = `
<div
  className="sc-htpNat iuwWrn"
>
  <label
    className="sc-bwzfXH bCIaMc"
  >
    Task
  </label>
  <input
    className="sc-bdVaJa fWIDwd"
  />
</div>
`;
